root@anntony-Lenovo-B590:/tmp# image=/root/workdir/8g/cubiuntu_1_11_vga_8g.img
root@anntony-Lenovo-B590:/tmp# echo $image
/root/workdir/8g/cubiuntu_1_11_vga_8g.img
root@anntony-Lenovo-B590:/tmp# echo $card
/dev/sdc
root@anntony-Lenovo-B590:/tmp# dd if=$card of=$image bs=1M
輸入 7384+0 個紀錄
輸出 7384+0 個紀錄
複製了 7742685184 個位元組 (7.7 GB), 429.62 s, 18.0 MB/s
root@anntony-Lenovo-B590:/tmp# cd /root/workdir/5g/
root@anntony-Lenovo-B590:~/workdir/5g# ls
root@anntony-Lenovo-B590:~/workdir/5g# ls -al
總計 8
drwxr-xr-x 2 root root 4096  6月 17 15:01 .
drwxr-xr-x 6 root root 4096  6月 17 15:01 ..
root@anntony-Lenovo-B590:~/workdir/5g# image=cubiuntu_1_11_vga_5g.img
root@anntony-Lenovo-B590:~/workdir/5g# echo $image
cubiuntu_1_11_vga_5g.img
root@anntony-Lenovo-B590:~/workdir/5g# dd if=/dev/zero of=$image count=10000000
輸入 10000000+0 個紀錄
輸出 10000000+0 個紀錄
複製了 5120000000 個位元組 (5.1 GB), 72.4539 s, 70.7 MB/s
root@anntony-Lenovo-B590:~/workdir/5g# ls
cubiuntu_1_11_vga_5g.img
root@anntony-Lenovo-B590:~/workdir/5g# ls -al
總計 5000012
drwxr-xr-x 2 root root       4096  6月 17 15:25 .
drwxr-xr-x 6 root root       4096  6月 17 15:01 ..
-rw-r--r-- 1 root root 5120000000  6月 17 15:26 cubiuntu_1_11_vga_5g.img
root@anntony-Lenovo-B590:~/workdir/5g# losetup /dev/loop0
loop：無法取得裝置上的資訊 /dev/loop0: 沒有此一裝置或位址
root@anntony-Lenovo-B590:~/workdir/5g# losetup /dev/loop0 cubiuntu_1_11_vga_5g.img
root@anntony-Lenovo-B590:~/workdir/5g# losetup /dev/loop0
/dev/loop0: [0801]:17041925 (/root/workdir/5g/cubiuntu_1_11_vga_5g.img)
root@anntony-Lenovo-B590:~/workdir/5g# dd if=/dev/zero of=/dev/loop0 bs=1k count=1024
輸入 1024+0 個紀錄
輸出 1024+0 個紀錄
複製了 1048576 個位元組 (1.0 MB), 0.0381164 s, 27.5 MB/s
root@anntony-Lenovo-B590:~/workdir/5g# echo $bootloader
/root/workdir/u-boot-sunxi-with-spl-ct-20140107.bin
root@anntony-Lenovo-B590:~/workdir/5g# dd if=$bootloader of=/dev/loop0 bs=1024 seek=8
輸入 254+1 個紀錄
輸出 254+1 個紀錄
複製了 261100 個位元組 (261 kB), 0.01653 s, 15.8 MB/s
root@anntony-Lenovo-B590:~/workdir/5g# fdisk /dev/loop0
裝置不含有效的 DOS 分割表，也不含 Sun、SGI 或 OSF 磁碟標籤
以磁碟識別碼 0x5e13ae54 建立新的 DOS 磁碟標籤。
變更將僅存於記憶體之中，直到您決定寫入它們。
在此之後，前一個內容當然將無法回復。

警告：分割表 4 的無效旗標 0x0000 將由 w(rite) 所修正

命令 (m 以獲得說明)： p

磁碟 /dev/loop0: 5120 MB，5120000000 位元組
255 磁頭，63 磁區/磁軌，622 磁柱，總計 10000000 磁區
單位 = 磁區 之於 1 * 512 = 512 位元組
磁區大小 (邏輯/實體)：512 位元組 / 512 位元組
I/O 大小 (最小/最佳化)：512 位元組 / 512 位元組
磁碟識別碼：0x5e13ae54

所用裝置 開機      開始         結束      區塊   識別號  系統

命令 (m 以獲得說明)： n
Partition type:
   p   primary (0 primary, 0 extended, 4 free)
   e   extended
Select (default p): 
Using default response p
分割區編號 (1-4, 預設 1)： 
使用預設值 1
起初 磁區 (2048-9999999, 預設 2048)： 
使用預設值 2048
最後 磁區, +磁區 或 +大小{K,M,G} (2048-9999999, 預設 9999999)： 133119

命令 (m 以獲得說明)： p

磁碟 /dev/loop0: 5120 MB，5120000000 位元組
255 磁頭，63 磁區/磁軌，622 磁柱，總計 10000000 磁區
單位 = 磁區 之於 1 * 512 = 512 位元組
磁區大小 (邏輯/實體)：512 位元組 / 512 位元組
I/O 大小 (最小/最佳化)：512 位元組 / 512 位元組
磁碟識別碼：0x5e13ae54

所用裝置 開機      開始         結束      區塊   識別號  系統
/dev/loop0p1            2048      133119       65536   83  Linux

命令 (m 以獲得說明)： n
Partition type:
   p   primary (1 primary, 0 extended, 3 free)
   e   extended
Select (default p): 
Using default response p
分割區編號 (1-4, 預設 2)： 
使用預設值 2
起初 磁區 (133120-9999999, 預設 133120)： 
使用預設值 133120
最後 磁區, +磁區 或 +大小{K,M,G} (133120-9999999, 預設 9999999)： 
使用預設值 9999999

命令 (m 以獲得說明)： p

磁碟 /dev/loop0: 5120 MB，5120000000 位元組
255 磁頭，63 磁區/磁軌，622 磁柱，總計 10000000 磁區
單位 = 磁區 之於 1 * 512 = 512 位元組
磁區大小 (邏輯/實體)：512 位元組 / 512 位元組
I/O 大小 (最小/最佳化)：512 位元組 / 512 位元組
磁碟識別碼：0x5e13ae54

所用裝置 開機      開始         結束      區塊   識別號  系統
/dev/loop0p1            2048      133119       65536   83  Linux
/dev/loop0p2          133120     9999999     4933440   83  Linux

命令 (m 以獲得說明)： w
分割表已變更！

呼叫 ioctl() 以重新讀取分割表。

警告：重新讀取分割表失敗並產生錯誤 22: 不適用的引數。
內核仍然使用舊的表格。新的表格將於下一次
重新開機時使用，或是您執行 partprobe(8) 或 kpartx(8) 之後。
同步磁碟。
root@anntony-Lenovo-B590:~/workdir/5g# losetup -o 1048576 /dev/loop1 /dev/loop0
root@anntony-Lenovo-B590:~/workdir/5g# losetup -o 68157440 /dev/loop2 /dev/loop0
root@anntony-Lenovo-B590:~/workdir/5g# losetup /dev/loop2
/dev/loop2: [0005]:1189 (/dev/loop0)，偏移值 68157440
root@anntony-Lenovo-B590:~/workdir/5g# losetup /dev/loop1
/dev/loop1: [0005]:1189 (/dev/loop0)，偏移值 1048576
root@anntony-Lenovo-B590:~/workdir/5g# losetup /dev/loop0
/dev/loop0: [0801]:17041925 (/root/workdir/5g/cubiuntu_1_11_vga_5g.img)
root@anntony-Lenovo-B590:~/workdir/5g# losetup -d /dev/loop2
root@anntony-Lenovo-B590:~/workdir/5g# losetup -d /dev/loop1
root@anntony-Lenovo-B590:~/workdir/5g# losetup -d /dev/loop0
root@anntony-Lenovo-B590:~/workdir/5g# losetup /dev/loop2
loop：無法取得裝置上的資訊 /dev/loop2: 沒有此一裝置或位址
root@anntony-Lenovo-B590:~/workdir/5g# losetup /dev/loop1
loop：無法取得裝置上的資訊 /dev/loop1: 沒有此一裝置或位址
root@anntony-Lenovo-B590:~/workdir/5g# losetup /dev/loop0
loop：無法取得裝置上的資訊 /dev/loop0: 沒有此一裝置或位址
root@anntony-Lenovo-B590:~/workdir/5g# losetup /dev/loop0 cubiuntu_1_11_vga_5g.img
root@anntony-Lenovo-B590:~/workdir/5g# losetup /dev/loop0
/dev/loop0: [0801]:17041925 (/root/workdir/5g/cubiuntu_1_11_vga_5g.img)
root@anntony-Lenovo-B590:~/workdir/5g# losetup -o 1048576 /dev/loop1
loop：無法取得裝置上的資訊 /dev/loop1: 沒有此一裝置或位址
root@anntony-Lenovo-B590:~/workdir/5g# losetup -o 1048576 /dev/loop1 /dev/loop0
root@anntony-Lenovo-B590:~/workdir/5g# losetup /dev/loop1
/dev/loop1: [0005]:1189 (/dev/loop0)，偏移值 1048576
root@anntony-Lenovo-B590:~/workdir/5g# losetup -o 68157440 /dev/loop2 /dev/loop0
root@anntony-Lenovo-B590:~/workdir/5g# losetup /dev/loop2
/dev/loop2: [0005]:1189 (/dev/loop0)，偏移值 68157440
root@anntony-Lenovo-B590:~/workdir/5g# losetup /dev/loop1
/dev/loop1: [0005]:1189 (/dev/loop0)，偏移值 1048576
root@anntony-Lenovo-B590:~/workdir/5g# losetup /dev/loop0
/dev/loop0: [0801]:17041925 (/root/workdir/5g/cubiuntu_1_11_vga_5g.img)
root@anntony-Lenovo-B590:~/workdir/5g# mkfs.vfat /dev/loop1
mkfs.fat 3.0.26 (2014-03-07)
Loop device does not match a floppy size, using default hd params
root@anntony-Lenovo-B590:~/workdir/5g# mkfs.ext4 /dev/loop2
mke2fs 1.42.9 (4-Feb-2014)
Filesystem label=
OS type: Linux
Block size=4096 (log=2)
Fragment size=4096 (log=2)
Stride=0 blocks, Stripe width=0 blocks
308864 inodes, 1233360 blocks
61668 blocks (5.00%) reserved for the super user
First data block=0
Maximum filesystem blocks=1266679808
38 block groups
32768 blocks per group, 32768 fragments per group
8128 inodes per group
Superblock backups stored on blocks: 
	32768, 98304, 163840, 229376, 294912, 819200, 884736

Allocating group tables: done                            
Writing inode tables: done                            
Creating journal (32768 blocks): done
Writing superblocks and filesystem accounting information: done 

root@anntony-Lenovo-B590:~/workdir/5g# dd if=/dev/sdc1 of=/dev/loop1 bs=1k
輸入 14336+0 個紀錄
輸出 14336+0 個紀錄
複製了 14680064 個位元組 (15 MB), 0.934463 s, 15.7 MB/s
root@anntony-Lenovo-B590:~/workdir/5g# dd if=/dev/sdc2 of=/dev/loop2 bs=1M
輸入 3715+0 個紀錄
輸出 3715+0 個紀錄
複製了 3895459840 個位元組 (3.9 GB), 212.696 s, 18.3 MB/s
root@anntony-Lenovo-B590:~/workdir/5g# sync
root@anntony-Lenovo-B590:~/workdir/5g# cd ..
root@anntony-Lenovo-B590:~/workdir# ls
5g  8g  bootfs  rootfs  u-boot-sunxi-with-spl-ct-20140107.bin
root@anntony-Lenovo-B590:~/workdir# cd 8g
root@anntony-Lenovo-B590:~/workdir/8g# ls
cubiuntu_1_11_vga_8g.img
root@anntony-Lenovo-B590:~/workdir/8g# ls -al
總計 7561228
drwxr-xr-x 2 root root       4096  6月 17 15:07 .
drwxr-xr-x 6 root root       4096  6月 17 15:01 ..
-rw-r--r-- 1 root root 7742685184  6月 17 15:14 cubiuntu_1_11_vga_8g.img
root@anntony-Lenovo-B590:~/workdir/8g# cd ..
root@anntony-Lenovo-B590:~/workdir# ls
5g  8g  bootfs  rootfs  u-boot-sunxi-with-spl-ct-20140107.bin
root@anntony-Lenovo-B590:~/workdir# cd 5g
root@anntony-Lenovo-B590:~/workdir/5g# ls
cubiuntu_1_11_vga_5g.img
root@anntony-Lenovo-B590:~/workdir/5g# ls -al
總計 5000012
drwxr-xr-x 2 root root       4096  6月 17 15:25 .
drwxr-xr-x 6 root root       4096  6月 17 15:01 ..
-rw-r--r-- 1 root root 5120000000  6月 17 15:39 cubiuntu_1_11_vga_5g.img
root@anntony-Lenovo-B590:~/workdir/5g# cd /
root@anntony-Lenovo-B590:/# fdisk /dev/sdc

命令 (m 以獲得說明)： p

磁碟 /dev/sdc: 7742 MB，7742685184 位元組
239 磁頭，62 磁區/磁軌，1020 磁柱，總計 15122432 磁區
單位 = 磁區 之於 1 * 512 = 512 位元組
磁區大小 (邏輯/實體)：512 位元組 / 512 位元組
I/O 大小 (最小/最佳化)：512 位元組 / 512 位元組
磁碟識別碼：0x00062524

所用裝置 開機      開始         結束      區塊   識別號  系統
/dev/sdc1            2048       30719       14336    c  W95 FAT32 (LBA)
/dev/sdc2           30720     7639039     3804160   83  Linux

命令 (m 以獲得說明)： d
分割區編號 (1-4): 2

命令 (m 以獲得說明)： p

磁碟 /dev/sdc: 7742 MB，7742685184 位元組
239 磁頭，62 磁區/磁軌，1020 磁柱，總計 15122432 磁區
單位 = 磁區 之於 1 * 512 = 512 位元組
磁區大小 (邏輯/實體)：512 位元組 / 512 位元組
I/O 大小 (最小/最佳化)：512 位元組 / 512 位元組
磁碟識別碼：0x00062524

所用裝置 開機      開始         結束      區塊   識別號  系統
/dev/sdc1            2048       30719       14336    c  W95 FAT32 (LBA)

命令 (m 以獲得說明)： d
已選分割區 1

命令 (m 以獲得說明)： p

磁碟 /dev/sdc: 7742 MB，7742685184 位元組
239 磁頭，62 磁區/磁軌，1020 磁柱，總計 15122432 磁區
單位 = 磁區 之於 1 * 512 = 512 位元組
磁區大小 (邏輯/實體)：512 位元組 / 512 位元組
I/O 大小 (最小/最佳化)：512 位元組 / 512 位元組
磁碟識別碼：0x00062524

所用裝置 開機      開始         結束      區塊   識別號  系統

命令 (m 以獲得說明)： w
分割表已變更！

呼叫 ioctl() 以重新讀取分割表。
同步磁碟。
root@anntony-Lenovo-B590:/# dd if=/dev/zero of=/dev/sdc bs=1M count=1
輸入 1+0 個紀錄
輸出 1+0 個紀錄
複製了 1048576 個位元組 (1.0 MB), 0.204639 s, 5.1 MB/s
root@anntony-Lenovo-B590:/# losetup -d /dev/loop2
root@anntony-Lenovo-B590:/# losetup -d /dev/loop1
root@anntony-Lenovo-B590:/# losetup -d /dev/loop0
root@anntony-Lenovo-B590:/# losetup /dev/loop2
loop：無法取得裝置上的資訊 /dev/loop2: 沒有此一裝置或位址
root@anntony-Lenovo-B590:/# losetup /dev/loop1
loop：無法取得裝置上的資訊 /dev/loop1: 沒有此一裝置或位址
root@anntony-Lenovo-B590:/# losetup /dev/loop0
loop：無法取得裝置上的資訊 /dev/loop0: 沒有此一裝置或位址
root@anntony-Lenovo-B590:/# fdisk /dev/sdc
裝置不含有效的 DOS 分割表，也不含 Sun、SGI 或 OSF 磁碟標籤
以磁碟識別碼 0x3a7d2811 建立新的 DOS 磁碟標籤。
變更將僅存於記憶體之中，直到您決定寫入它們。
在此之後，前一個內容當然將無法回復。

警告：分割表 4 的無效旗標 0x0000 將由 w(rite) 所修正

命令 (m 以獲得說明)： p

磁碟 /dev/sdc: 7742 MB，7742685184 位元組
239 磁頭，62 磁區/磁軌，1020 磁柱，總計 15122432 磁區
單位 = 磁區 之於 1 * 512 = 512 位元組
磁區大小 (邏輯/實體)：512 位元組 / 512 位元組
I/O 大小 (最小/最佳化)：512 位元組 / 512 位元組
磁碟識別碼：0x3a7d2811

所用裝置 開機      開始         結束      區塊   識別號  系統

命令 (m 以獲得說明)： q

root@anntony-Lenovo-B590:/# echo $bootloader
/root/workdir/u-boot-sunxi-with-spl-ct-20140107.bin
root@anntony-Lenovo-B590:/# dd if=$bootloader of=/dev/sdc bs=1024 seek=8
輸入 254+1 個紀錄
輸出 254+1 個紀錄
複製了 261100 個位元組 (261 kB), 0.0833074 s, 3.1 MB/s
root@anntony-Lenovo-B590:/# cd /root/workdir/5g/
root@anntony-Lenovo-B590:~/workdir/5g# ls
cubiuntu_1_11_vga_5g.img
root@anntony-Lenovo-B590:~/workdir/5g# ls -al
總計 5000012
drwxr-xr-x 2 root root       4096  6月 17 15:25 .
drwxr-xr-x 6 root root       4096  6月 17 15:01 ..
-rw-r--r-- 1 root root 5120000000  6月 17 15:39 cubiuntu_1_11_vga_5g.img
root@anntony-Lenovo-B590:~/workdir/5g# image=cubiuntu_1_11_vga_5g.img
root@anntony-Lenovo-B590:~/workdir/5g# echo $image
cubiuntu_1_11_vga_5g.img
root@anntony-Lenovo-B590:~/workdir/5g# fdisk /dev/sdc
裝置不含有效的 DOS 分割表，也不含 Sun、SGI 或 OSF 磁碟標籤
以磁碟識別碼 0x764e5663 建立新的 DOS 磁碟標籤。
變更將僅存於記憶體之中，直到您決定寫入它們。
在此之後，前一個內容當然將無法回復。

警告：分割表 4 的無效旗標 0x0000 將由 w(rite) 所修正

命令 (m 以獲得說明)： p

磁碟 /dev/sdc: 7742 MB，7742685184 位元組
239 磁頭，62 磁區/磁軌，1020 磁柱，總計 15122432 磁區
單位 = 磁區 之於 1 * 512 = 512 位元組
磁區大小 (邏輯/實體)：512 位元組 / 512 位元組
I/O 大小 (最小/最佳化)：512 位元組 / 512 位元組
磁碟識別碼：0x764e5663

所用裝置 開機      開始         結束      區塊   識別號  系統

命令 (m 以獲得說明)： n
Partition type:
   p   primary (0 primary, 0 extended, 4 free)
   e   extended
Select (default p): 
Using default response p
分割區編號 (1-4, 預設 1)： 
使用預設值 1
起初 磁區 (2048-15122431, 預設 2048)： 
使用預設值 2048
最後 磁區, +磁區 或 +大小{K,M,G} (2048-15122431, 預設 15122431)： 
使用預設值 15122431

命令 (m 以獲得說明)： p

磁碟 /dev/sdc: 7742 MB，7742685184 位元組
239 磁頭，62 磁區/磁軌，1020 磁柱，總計 15122432 磁區
單位 = 磁區 之於 1 * 512 = 512 位元組
磁區大小 (邏輯/實體)：512 位元組 / 512 位元組
I/O 大小 (最小/最佳化)：512 位元組 / 512 位元組
磁碟識別碼：0x764e5663

所用裝置 開機      開始         結束      區塊   識別號  系統
/dev/sdc1            2048    15122431     7560192   83  Linux

命令 (m 以獲得說明)： w
分割表已變更！

呼叫 ioctl() 以重新讀取分割表。
同步磁碟。
root@anntony-Lenovo-B590:~/workdir/5g# mkfs.ext4 /dev/sdc
mke2fs 1.42.9 (4-Feb-2014)
/dev/sdc is entire device, not just one partition!
Proceed anyway? (y,n) n
root@anntony-Lenovo-B590:~/workdir/5g# mkfs.ext4 /dev/sdc1
mke2fs 1.42.9 (4-Feb-2014)
Filesystem label=
OS type: Linux
Block size=4096 (log=2)
Fragment size=4096 (log=2)
Stride=0 blocks, Stripe width=0 blocks
473280 inodes, 1890048 blocks
94502 blocks (5.00%) reserved for the super user
First data block=0
Maximum filesystem blocks=1937768448
58 block groups
32768 blocks per group, 32768 fragments per group
8160 inodes per group
Superblock backups stored on blocks: 
	32768, 98304, 163840, 229376, 294912, 819200, 884736, 1605632

Allocating group tables: done                            
Writing inode tables: done                            
Creating journal (32768 blocks): done
Writing superblocks and filesystem accounting information: done 

root@anntony-Lenovo-B590:~/workdir/5g# echo $image
cubiuntu_1_11_vga_5g.img
root@anntony-Lenovo-B590:~/workdir/5g# echo $card
/dev/sdc
root@anntony-Lenovo-B590:~/workdir/5g# dd if=$image of=$card bs=1M

