root@anntony-Lenovo-B590:~/workdir/5g/v1# image=cubiuntu_1_11_vga_5g.img
root@anntony-Lenovo-B590:~/workdir/5g/v1# ls -al
總計 8
drwxr-xr-x 2 root root 4096  6月 17 20:57 .
drwxr-xr-x 3 root root 4096  6月 17 20:57 ..
root@anntony-Lenovo-B590:~/workdir/5g/v1# echo $image
cubiuntu_1_11_vga_5g.img
root@anntony-Lenovo-B590:~/workdir/5g/v1# echo $bootloader
/root/workdir/u-boot-sunxi-with-spl-ct-20140107.bin
root@anntony-Lenovo-B590:~/workdir/5g/v1# dd if=/dev/zero of=$image count=10000000
輸入 10000000+0 個紀錄
輸出 10000000+0 個紀錄
複製了 5120000000 個位元組 (5.1 GB), 71.0415 s, 72.1 MB/s
root@anntony-Lenovo-B590:~/workdir/5g/v1# ls -al
總計 5000012
drwxr-xr-x 2 root root       4096  6月 17 20:59 .
drwxr-xr-x 3 root root       4096  6月 17 20:57 ..
-rw-r--r-- 1 root root 5120000000  6月 17 21:00 cubiuntu_1_11_vga_5g.img
root@anntony-Lenovo-B590:~/workdir/5g/v1# losetup /dev/loop0
loop：無法取得裝置上的資訊 /dev/loop0: 沒有此一裝置或位址
root@anntony-Lenovo-B590:~/workdir/5g/v1# losetup /dev/loop0 cubiuntu_1_11_vga_5g.img
root@anntony-Lenovo-B590:~/workdir/5g/v1# losetup /dev/loop0
/dev/loop0: [0801]:19009191 (/root/workdir/5g/v1/cubiuntu_1_11_vga_5g.img)
root@anntony-Lenovo-B590:~/workdir/5g/v1# fdisk /dev/loop0
裝置不含有效的 DOS 分割表，也不含 Sun、SGI 或 OSF 磁碟標籤
以磁碟識別碼 0x669015fb 建立新的 DOS 磁碟標籤。
變更將僅存於記憶體之中，直到您決定寫入它們。
在此之後，前一個內容當然將無法回復。

警告：分割表 4 的無效旗標 0x0000 將由 w(rite) 所修正

命令 (m 以獲得說明)： p

磁碟 /dev/loop0: 5120 MB，5120000000 位元組
255 磁頭，63 磁區/磁軌，622 磁柱，總計 10000000 磁區
單位 = 磁區 之於 1 * 512 = 512 位元組
磁區大小 (邏輯/實體)：512 位元組 / 512 位元組
I/O 大小 (最小/最佳化)：512 位元組 / 512 位元組
磁碟識別碼：0x669015fb

所用裝置 開機      開始         結束      區塊   識別號  系統

命令 (m 以獲得說明)： q

root@anntony-Lenovo-B590:~/workdir/5g/v1# dd if=/dev/zero of=/dev/loop0 bs=1k count=1024
輸入 1024+0 個紀錄
輸出 1024+0 個紀錄
複製了 1048576 個位元組 (1.0 MB), 0.0247983 s, 42.3 MB/s
root@anntony-Lenovo-B590:~/workdir/5g/v1# dd if=$card of=/dev/loop0 bs=1M count=1
輸入 1+0 個紀錄
輸出 1+0 個紀錄
複製了 1048576 個位元組 (1.0 MB), 0.0885044 s, 11.8 MB/s
root@anntony-Lenovo-B590:~/workdir/5g/v1# fdisk /dev/loop0

命令 (m 以獲得說明)： p

磁碟 /dev/loop0: 5120 MB，5120000000 位元組
255 磁頭，63 磁區/磁軌，622 磁柱，總計 10000000 磁區
單位 = 磁區 之於 1 * 512 = 512 位元組
磁區大小 (邏輯/實體)：512 位元組 / 512 位元組
I/O 大小 (最小/最佳化)：512 位元組 / 512 位元組
磁碟識別碼：0x00062524

所用裝置 開機      開始         結束      區塊   識別號  系統
/dev/loop0p1            2048       30719       14336    c  W95 FAT32 (LBA)
/dev/loop0p2           30720     7639039     3804160   83  Linux

命令 (m 以獲得說明)： q

root@anntony-Lenovo-B590:~/workdir/5g/v1# losetup -o 1048576 /dev/loop1 /dev/loop0
root@anntony-Lenovo-B590:~/workdir/5g/v1# losetup -o 15728640 /dev/loop2 /dev/loop0
root@anntony-Lenovo-B590:~/workdir/5g/v1# losetup /dev/loop2
/dev/loop2: [0005]:1189 (/dev/loop0)，偏移值 15728640
root@anntony-Lenovo-B590:~/workdir/5g/v1# losetup /dev/loop1
/dev/loop1: [0005]:1189 (/dev/loop0)，偏移值 1048576
root@anntony-Lenovo-B590:~/workdir/5g/v1# losetup /dev/loop0
/dev/loop0: [0801]:19009191 (/root/workdir/5g/v1/cubiuntu_1_11_vga_5g.img)
root@anntony-Lenovo-B590:~/workdir/5g/v1# mkfs.vfat /dev/loop1
mkfs.fat 3.0.26 (2014-03-07)
Loop device does not match a floppy size, using default hd params
root@anntony-Lenovo-B590:~/workdir/5g/v1# mkfs.ext4 /dev/loop2
mke2fs 1.42.9 (4-Feb-2014)
Filesystem label=
OS type: Linux
Block size=4096 (log=2)
Fragment size=4096 (log=2)
Stride=0 blocks, Stripe width=0 blocks
312000 inodes, 1246160 blocks
62308 blocks (5.00%) reserved for the super user
First data block=0
Maximum filesystem blocks=1279262720
39 block groups
32768 blocks per group, 32768 fragments per group
8000 inodes per group
Superblock backups stored on blocks: 
	32768, 98304, 163840, 229376, 294912, 819200, 884736

Allocating group tables: done                            
Writing inode tables: done                            
Creating journal (32768 blocks): done
Writing superblocks and filesystem accounting information: done 

root@anntony-Lenovo-B590:~/workdir/5g/v1# echo ${card}1
/dev/sdc1
root@anntony-Lenovo-B590:~/workdir/5g/v1# dd if=${card}1 of=/dev/loop1 bs=1k
輸入 14336+0 個紀錄
輸出 14336+0 個紀錄
複製了 14680064 個位元組 (15 MB), 0.987216 s, 14.9 MB/s
root@anntony-Lenovo-B590:~/workdir/5g/v1# echo ${card}2
/dev/sdc2
root@anntony-Lenovo-B590:~/workdir/5g/v1# dd if=${card}2 of=/dev/loop2 bs=1M
輸入 3715+0 個紀錄
輸出 3715+0 個紀錄
複製了 3895459840 個位元組 (3.9 GB), 206.655 s, 18.9 MB/s

