root@anntony-Lenovo-B590:/tmp# fdisk /dev/sdb

命令 (m 以獲得說明)： p

Disk /dev/sdb: 15.7 GB, 15720251392 bytes
64 磁頭，32 磁區/磁軌，14992 磁柱，總計 30703616 磁區
單位 = 磁區 之於 1 * 512 = 512 位元組
磁區大小 (邏輯/實體)：512 位元組 / 512 位元組
I/O 大小 (最小/最佳化)：512 位元組 / 512 位元組
磁碟識別碼：0x00062524

所用裝置 開機      開始         結束      區塊   識別號  系統
/dev/sdb1            2048       30719       14336    c  W95 FAT32 (LBA)
/dev/sdb2           30720    30703615    15336448   83  Linux

命令 (m 以獲得說明)： q

root@anntony-Lenovo-B590:/tmp# cd /media
root@anntony-Lenovo-B590:/media# ls
anntony
root@anntony-Lenovo-B590:/media# cd anntony/
root@anntony-Lenovo-B590:/media/anntony# ls
root@anntony-Lenovo-B590:/media/anntony# cd ..
root@anntony-Lenovo-B590:/media# ls
anntony
root@anntony-Lenovo-B590:/media# cd /mnt
root@anntony-Lenovo-B590:/mnt# ls
root@anntony-Lenovo-B590:/mnt# cd /tmp
root@anntony-Lenovo-B590:/tmp# ls
fcitx-socket-:0  sdb1  ssh-GzzrUvApnhi6  unity_support_test.0
root@anntony-Lenovo-B590:/tmp# mkdir sdb2
root@anntony-Lenovo-B590:/tmp# ls
fcitx-socket-:0  sdb1  sdb2  ssh-GzzrUvApnhi6  unity_support_test.0
root@anntony-Lenovo-B590:/tmp# mount /dev/sdb1 /tmp/sdb1
root@anntony-Lenovo-B590:/tmp# ls
fcitx-socket-:0  sdb1  sdb2  ssh-GzzrUvApnhi6  unity_support_test.0
root@anntony-Lenovo-B590:/tmp# cd /tmp/sdb1
root@anntony-Lenovo-B590:/tmp/sdb1# ls
1.fex  CUBIUNTU 1.11  script-ct.bin  script-cubie-A20.bin  uEnv.cb2  uEnv.ct  uEnv.ct.default  uImage.3.4.79-sun7i+
root@anntony-Lenovo-B590:/tmp/sdb1# tar -cp * | sudo gzip -9 > /tmp/bootfs.tar.gz
root@anntony-Lenovo-B590:/tmp/sdb1# cd ..
root@anntony-Lenovo-B590:/tmp# ls
bootfs.tar.gz  fcitx-socket-:0  sdb1  sdb2  ssh-GzzrUvApnhi6  unity_support_test.0
root@anntony-Lenovo-B590:/tmp# umount /tmp/sdb1
root@anntony-Lenovo-B590:/tmp# mount /dev/sdb2 /tmp/sdb2
root@anntony-Lenovo-B590:/tmp# cd /tmp/sdb2
root@anntony-Lenovo-B590:/tmp/sdb2# ls
allwinner  blkid.tab  dev  home  lost+found  mnt   opt   root  sbin     srv  system  usr
bin        boot       etc  lib   media       mtab  proc  run   selinux  sys  tmp     var
root@anntony-Lenovo-B590:/tmp/sdb2# cd ..
root@anntony-Lenovo-B590:/tmp# cd -
/tmp/sdb2
root@anntony-Lenovo-B590:/tmp/sdb2# tar -cp * | gzip -9 > /tmp/rootfs.tar.gz
tar: tmp/.lxterminal-socket\:0.0-linaro：忽略通訊端
tar: tmp/pulse-2L9K88eMlGn7/native：忽略通訊端
tar: usr/lib/python2.7/config/libpython2.7-pic.a：檔案縮小了 5728050 位元組；以零值填補
tar: usr/lib/python2.7/config/Setup.local：讀取 0 位元組時錯誤，正在讀取 1253 位元組: 輸入/輸出錯誤
tar: usr/lib/python2.7/config/makesetup：讀取 0 位元組時錯誤，正在讀取 512 位元組: 輸入/輸出錯誤
tar: usr/lib/python2.7/config/Makefile：讀取 0 位元組時錯誤，正在讀取 2560 位元組: 輸入/輸出錯誤
tar: usr/lib/python2.7/config/config.c.in：讀取 0 位元組時錯誤，正在讀取 1507 位元組: 輸入/輸出錯誤
tar: usr/lib/python2.7/config/config.c：讀取 0 位元組時錯誤，正在讀取 3679 位元組: 輸入/輸出錯誤
tar: usr/lib/python2.7/pdb.py：讀取 0 位元組時錯誤，正在讀取 2560 位元組: 輸入/輸出錯誤
tar: usr/lib/python2.7/bisect.pyo：讀取 0 位元組時錯誤，正在讀取 1751 位元組: 輸入/輸出錯誤
tar: usr/lib/python2.7/_weakrefset.pyc：讀取 0 位元組時錯誤，正在讀取 4608 位元組: 輸入/輸出錯誤
tar: usr/lib/python2.7/sunaudio.pyc：讀取 0 位元組時錯誤，正在讀取 1977 位元組: 輸入/輸出錯誤
tar: usr/lib/python2.7/dis.py：讀取 0 位元組時錯誤，正在讀取 1536 位元組: 輸入/輸出錯誤
tar: usr/lib/python2.7/mutex.pyc：讀取 0 位元組時錯誤，正在讀取 2501 位元組: 輸入/輸出錯誤
tar: usr/lib/python2.7/struct.pyo：讀取 0 位元組時錯誤，正在讀取 237 位元組: 輸入/輸出錯誤
tar: usr/lib/python2.7/ssl.py：讀取 0 位元組時錯誤，正在讀取 512 位元組: 輸入/輸出錯誤
tar: usr/lib/python2.7/sre_compile.pyc：讀取 0 位元組時錯誤，正在讀取 4096 位元組: 輸入/輸出錯誤
tar: usr/lib/python2.7/sunaudio.py：讀取 0 位元組時錯誤，正在讀取 1399 位元組: 輸入/輸出錯誤
tar: usr/lib/python2.7/sched.pyc：讀取 0 位元組時錯誤，正在讀取 512 位元組: 輸入/輸出錯誤
tar: usr/lib/python2.7/_LWPCookieJar.py：讀取 0 位元組時錯誤，正在讀取 5120 位元組: 輸入/輸出錯誤
tar: usr/lib/python2.7/rexec.py：讀取 0 位元組時錯誤，正在讀取 8192 位元組: 輸入/輸出錯誤
tar: usr/lib/python2.7/functools.pyc：讀取 0 位元組時錯誤，正在讀取 6037 位元組: 輸入/輸出錯誤
tar: usr/lib/python2.7/stat.pyc：讀取 0 位元組時錯誤，正在讀取 1024 位元組: 輸入/輸出錯誤
tar: usr/lib/python2.7/cookielib.pyc：讀取 0 位元組時錯誤，正在讀取 7680 位元組: 輸入/輸出錯誤
tar: usr/lib/python2.7/webbrowser.pyc：讀取 0 位元組時錯誤，正在讀取 3584 位元組: 輸入/輸出錯誤
tar: usr/lib/python2.7/macpath.pyc：讀取 0 位元組時錯誤，正在讀取 4096 位元組: 輸入/輸出錯誤
tar: usr/lib/python2.7/codecs.pyc：讀取 0 位元組時錯誤，正在讀取 6144 位元組: 輸入/輸出錯誤
tar: usr/lib/python2.7/hmac.py：讀取 0 位元組時錯誤，正在讀取 4531 位元組: 輸入/輸出錯誤
tar: usr/lib/python2.7/atexit.py：讀取 0 位元組時錯誤，正在讀取 1705 位元組: 輸入/輸出錯誤
tar: usr/lib/python2.7/traceback.py：讀取 0 位元組時錯誤，正在讀取 2048 位元組: 輸入/輸出錯誤
tar: usr/lib/libevent-2.0.so.5.1.4：讀取 0 位元組時錯誤，正在讀取 512 位元組: 輸入/輸出錯誤
tar: usr/lib/libvncclient.so.0.0.0：讀取 0 位元組時錯誤，正在讀取 4608 位元組: 輸入/輸出錯誤
tar: usr/lib/speech-dispatcher/：無法 savedir: 輸入/輸出錯誤
tar: usr/lib/libgs.so.9.05：讀取 0 位元組時錯誤，正在讀取 10240 位元組: 輸入/輸出錯誤
tar: usr/lib/libhpmud.so.0.0.6：讀取 0 位元組時錯誤，正在讀取 4608 位元組: 輸入/輸出錯誤
tar: usr/lib/libboost_thread.so.1.46.1：讀取 0 位元組時錯誤，正在讀取 1536 位元組: 輸入/輸出錯誤
tar: usr/lib/libmpeg2.so.0.0.0：讀取 0 位元組時錯誤，正在讀取 2560 位元組: 輸入/輸出錯誤
tar: usr/lib/libgpgme-pthread.so.11.7.0：讀取 0 位元組時錯誤，正在讀取 8704 位元組: 輸入/輸出錯誤
tar: usr/lib/libHalf.so.6.0.0：讀取 0 位元組時錯誤，正在讀取 8192 位元組: 輸入/輸出錯誤
tar: usr/lib/libdjvulibre.so.21.3.0：讀取 0 位元組時錯誤，正在讀取 1024 位元組: 輸入/輸出錯誤
tar: usr/lib/libck-connector.so.0.0.0：讀取 0 位元組時錯誤，正在讀取 2560 位元組: 輸入/輸出錯誤
tar: usr/lib/libvecore.so：讀取 0 位元組時錯誤，正在讀取 2560 位元組: 輸入/輸出錯誤
tar: usr/lib/libicuio.so.48.1.1：讀取 0 位元組時錯誤，正在讀取 4096 位元組: 輸入/輸出錯誤
tar: usr/lib/libgksu/：無法 savedir: 輸入/輸出錯誤
tar: usr/lib/libical.so.0.48.0：讀取 0 位元組時錯誤，正在讀取 7680 位元組: 輸入/輸出錯誤
tar: usr/lib/libxmmsclient-glib.so.1.0.0：讀取 0 位元組時錯誤，正在讀取 5504 位元組: 輸入/輸出錯誤
tar: usr/lib/klibc/：無法 savedir: 輸入/輸出錯誤
tar: usr/lib/libgettextlib-0.18.1.so：讀取 0 位元組時錯誤，正在讀取 1024 位元組: 輸入/輸出錯誤
tar: usr/lib/libboost_serialization.so.1.46.1：讀取 0 位元組時錯誤，正在讀取 8192 位元組: 輸入/輸出錯誤
tar: usr/lib/libopencore-amrwb.so.0.0.2：讀取 0 位元組時錯誤，正在讀取 3584 位元組: 輸入/輸出錯誤
tar: usr/lib/libcdio.so.13.0.0：讀取 0 位元組時錯誤，正在讀取 3072 位元組: 輸入/輸出錯誤
tar: usr/lib/sane/：無法 savedir: 輸入/輸出錯誤
tar: usr/src/：無法 savedir: 輸入/輸出錯誤
tar: usr/games/：無法 savedir: 輸入/輸出錯誤
tar: var/：無法 savedir: 輸入/輸出錯誤
tar: 由於先前錯誤而以失敗狀態離開
root@anntony-Lenovo-B590:/tmp/sdb2# ls
ls: 正在讀取 . 目錄: 輸入/輸出錯誤
root@anntony-Lenovo-B590:/tmp/sdb2# ls
ls: 正在讀取 . 目錄: 輸入/輸出錯誤
root@anntony-Lenovo-B590:/tmp/sdb2# cd ..
root@anntony-Lenovo-B590:/tmp# ls
bootfs.tar.gz  fcitx-socket-:0  rootfs.tar.gz  sdb1  sdb2  ssh-GzzrUvApnhi6  unity_support_test.0
root@anntony-Lenovo-B590:/tmp# ls -al
總計 1149456
drwxrwxrwt  8 root    root          4096  6月 15 02:23 .
drwxr-xr-x 23 root    root          4096  6月  8 15:40 ..
-rw-r--r--  1 root    root       5055852  6月 15 02:22 bootfs.tar.gz
drwx------  2 anntony anntony       4096  6月 14 23:22 .com.google.Chrome.vof2Hv
srw-------  1 anntony anntony          0  6月 14 23:12 fcitx-socket-:0
drwxrwxrwt  2 root    root          4096  6月 14 23:12 .ICE-unix
-rw-r--r--  1 root    root    1171942727  6月 15 02:37 rootfs.tar.gz
drwxr-xr-x  2 root    root          4096  6月 14 23:38 sdb1
drwxrwxr-x 24 anntony anntony       4096  5月 12 05:00 sdb2
drwx------  2 anntony anntony       4096  6月 14 23:12 ssh-GzzrUvApnhi6
-rw-rw-r--  1 anntony anntony          0  6月 14 23:12 unity_support_test.0
-r--r--r--  1 root    root            11  6月 14 23:12 .X0-lock
drwxrwxrwt  2 root    root          4096  6月 14 23:12 .X11-unix
root@anntony-Lenovo-B590:/tmp# rm -rf ./rootfs.tar.gz 
root@anntony-Lenovo-B590:/tmp# mkdir sdd2
root@anntony-Lenovo-B590:/tmp# mount /dev/sdd2 /tmp/sdd2
root@anntony-Lenovo-B590:/tmp# cd /tmp/sdd2
root@anntony-Lenovo-B590:/tmp/sdd2# ls
allwinner  blkid.tab  dev  home  lost+found  mnt   opt   root  sbin     srv  system  usr
bin        boot       etc  lib   media       mtab  proc  run   selinux  sys  tmp     var
root@anntony-Lenovo-B590:/tmp/sdd2# cd ..
root@anntony-Lenovo-B590:/tmp# ls
bootfs.tar.gz  fcitx-socket-:0  sdb1  sdb2  sdd2  ssh-GzzrUvApnhi6  unity_support_test.0
root@anntony-Lenovo-B590:/tmp# cd -
/tmp/sdd2
root@anntony-Lenovo-B590:/tmp/sdd2# tar -cp * | gzip -9 > /tmp/rootfs.tar.gz
tar: tmp/.lxterminal-socket\:0.0-linaro：忽略通訊端
tar: tmp/pulse-2L9K88eMlGn7/native：忽略通訊端
root@anntony-Lenovo-B590:/tmp/sdd2# cd ..
root@anntony-Lenovo-B590:/tmp# ls
bootfs.tar.gz  fcitx-socket-:0  rootfs.tar.gz  sdb1  sdb2  sdd2  ssh-GzzrUvApnhi6  unity_support_test.0
root@anntony-Lenovo-B590:/tmp# cd sdd2
root@anntony-Lenovo-B590:/tmp/sdd2# ls
allwinner  blkid.tab  dev  home  lost+found  mnt   opt   root  sbin     srv  system  usr
bin        boot       etc  lib   media       mtab  proc  run   selinux  sys  tmp     var
root@anntony-Lenovo-B590:/tmp/sdd2# cd ..
root@anntony-Lenovo-B590:/tmp# sync
root@anntony-Lenovo-B590:/tmp# umount /tmp/sdd2
root@anntony-Lenovo-B590:/tmp# mkdir WORK_DIR
root@anntony-Lenovo-B590:/tmp# ls
bootfs.tar.gz  fcitx-socket-:0  rootfs.tar.gz  sdb1  sdb2  sdd2  ssh-GzzrUvApnhi6  unity_support_test.0  WORK_DIR
root@anntony-Lenovo-B590:/tmp# cd WORK_DIR/
root@anntony-Lenovo-B590:/tmp/WORK_DIR# dd if=/dev/zero of=disk.img count=10000000
輸入 10000000+0 個紀錄
輸出 10000000+0 個紀錄
複製了 5120000000 個位元組 (5.1 GB), 51.3718 s, 99.7 MB/s
root@anntony-Lenovo-B590:/tmp/WORK_DIR# ls
disk.img
root@anntony-Lenovo-B590:/tmp/WORK_DIR# ls -al
總計 5000012
drwxr-xr-x  2 root root       4096  6月 15 03:00 .
drwxrwxrwt 10 root root       4096  6月 15 02:59 ..
-rw-r--r--  1 root root 5120000000  6月 15 03:01 disk.img
root@anntony-Lenovo-B590:/tmp/WORK_DIR# losetoup /dev/loop0 disk.img
無 'losetoup' 這個指令，是指這個嗎：
 'losetup' 指令來自於 'mount' 套件 (main)
losetoup：無此指令
root@anntony-Lenovo-B590:/tmp/WORK_DIR# losetup /dev/loop0 disk.img
root@anntony-Lenovo-B590:/tmp/WORK_DIR# losetup /dev/loop0
/dev/loop0: [0801]:18481531 (/tmp/WORK_DIR/disk.img)
root@anntony-Lenovo-B590:/tmp/WORK_DIR# dd if=/dev/zero of=/dev/loop0 bs=1k count=1024
輸入 1024+0 個紀錄
輸出 1024+0 個紀錄
複製了 1048576 個位元組 (1.0 MB), 0.0373023 s, 28.1 MB/s
root@anntony-Lenovo-B590:/tmp/WORK_DIR# echo $bootloader
/home/anntony/CubieTruck_Download/u-boot/u-boot-sunxi-with-spl-ct-20140107.bin
root@anntony-Lenovo-B590:/tmp/WORK_DIR# dd if=u-boot-sunxi-with-spl.bin of=/dev/loop0 bs=1024 seek=8
dd: 開啟 ‘u-boot-sunxi-with-spl.bin’ 失敗: 沒有此一檔案或目錄
root@anntony-Lenovo-B590:/tmp/WORK_DIR# dd if=/dev/zero of=/dev/loop0 bs=1k count=1024
輸入 1024+0 個紀錄
輸出 1024+0 個紀錄
複製了 1048576 個位元組 (1.0 MB), 0.013206 s, 79.4 MB/s
root@anntony-Lenovo-B590:/tmp/WORK_DIR# dd if=$bootloader of=/dev/loop0 bs=1024 seek=8
輸入 254+1 個紀錄
輸出 254+1 個紀錄
複製了 261100 個位元組 (261 kB), 0.0105949 s, 24.6 MB/s
root@anntony-Lenovo-B590:/tmp/WORK_DIR# fdisk /dev/loop0
裝置不含有效的 DOS 分割表，也不含 Sun、SGI 或 OSF 磁碟標籤
以磁碟識別碼 0x82a657c5 建立新的 DOS 磁碟標籤。
變更將僅存於記憶體之中，直到您決定寫入它們。
在此之後，前一個內容當然將無法回復。

警告：分割表 4 的無效旗標 0x0000 將由 w(rite) 所修正

命令 (m 以獲得說明)： p

磁碟 /dev/loop0: 5120 MB，5120000000 位元組
255 磁頭，63 磁區/磁軌，622 磁柱，總計 10000000 磁區
單位 = 磁區 之於 1 * 512 = 512 位元組
磁區大小 (邏輯/實體)：512 位元組 / 512 位元組
I/O 大小 (最小/最佳化)：512 位元組 / 512 位元組
磁碟識別碼：0x82a657c5

所用裝置 開機      開始         結束      區塊   識別號  系統

命令 (m 以獲得說明)： n
Partition type:
   p   primary (0 primary, 0 extended, 4 free)
   e   extended
Select (default p): 
Using default response p
分割區編號 (1-4, 預設 1)： 
使用預設值 1
起初 磁區 (2048-9999999, 預設 2048)： 
使用預設值 2048
最後 磁區, +磁區 或 +大小{K,M,G} (2048-9999999, 預設 9999999)： 30719

命令 (m 以獲得說明)： p

磁碟 /dev/loop0: 5120 MB，5120000000 位元組
255 磁頭，63 磁區/磁軌，622 磁柱，總計 10000000 磁區
單位 = 磁區 之於 1 * 512 = 512 位元組
磁區大小 (邏輯/實體)：512 位元組 / 512 位元組
I/O 大小 (最小/最佳化)：512 位元組 / 512 位元組
磁碟識別碼：0x82a657c5

所用裝置 開機      開始         結束      區塊   識別號  系統
/dev/loop0p1            2048       30719       14336   83  Linux

命令 (m 以獲得說明)： n
Partition type:
   p   primary (1 primary, 0 extended, 3 free)
   e   extended
Select (default p): 
Using default response p
分割區編號 (1-4, 預設 2)： 
使用預設值 2
起初 磁區 (30720-9999999, 預設 30720)： 
使用預設值 30720
最後 磁區, +磁區 或 +大小{K,M,G} (30720-9999999, 預設 9999999)： 
使用預設值 9999999

命令 (m 以獲得說明)： p

磁碟 /dev/loop0: 5120 MB，5120000000 位元組
255 磁頭，63 磁區/磁軌，622 磁柱，總計 10000000 磁區
單位 = 磁區 之於 1 * 512 = 512 位元組
磁區大小 (邏輯/實體)：512 位元組 / 512 位元組
I/O 大小 (最小/最佳化)：512 位元組 / 512 位元組
磁碟識別碼：0x82a657c5

所用裝置 開機      開始         結束      區塊   識別號  系統
/dev/loop0p1            2048       30719       14336   83  Linux
/dev/loop0p2           30720     9999999     4984640   83  Linux

命令 (m 以獲得說明)： m
命令動作
   a   切換可開機的旗標
   b   編輯 bsd 磁碟標籤
   c   切換 DOS 相容性旗標
   d   刪除分割區
   l   列出已知分割區類型
   m   印出這個選單
   n   加入新的分割區
   o   建立新的空白 DOS 分割表
   p   印出分割表
   q   離開而不需儲存變更
   s   建立新的空白 Sun 磁碟標籤
   t   變更分割區系統識別號
   u   變更顯示/輸入單位
   v   驗證分割表
   w   分割表寫入磁碟然後離開
   x   額外功能 (專家限用)

命令 (m 以獲得說明)： t
分割區編號 (1-4): 1
十六進位編碼 (輸入 L 以列出編碼)： L

 0  空              24  NEC DOS         81  Minix / 舊版 Li bf  Solaris        
 1  FAT12           27  Hidden NTFS Win 82  Linux 交換區/ S c1  DRDOS/sec (FAT-
 2  XENIX root      39  Plan 9          83  Linux           c4  DRDOS/sec (FAT-
 3  XENIX usr       3c  PartitionMagic  84  OS/2 隱藏 C: 磁 c6  DRDOS/sec (FAT-
 4  FAT16 <32M      40  Venix 80286     85  Linux 擴展      c7  Syrinx         
 5  延伸            41  PPC PReP 開機   86  NTFS 卷冊集     da  Non-FS 資料    
 6  FAT16           42  SFS             87  NTFS 卷冊集     db  CP/M / CTOS /… 
 7  HPFS/NTFS/exFAT 4d  QNX4.x          88  Linux 純文字    de  Dell 公用程式  
 8  AIX             4e  QNX4.x 第二部分 8e  Linux LVM       df  BootIt         
 9  AIX 可開機      4f  QNX4.x 第三部分 93  Amoeba          e1  DOS 存取       
 a  OS/2 開機管理員 50  OnTrack DM      94  Amoeba BBT      e3  DOS R/O        
 b  W95 FAT32       51  OnTrack DM6 Aux 9f  BSD/OS          e4  SpeedStor      
 c  W95 FAT32 (LBA) 52  CP/M            a0  IBM Thinkpad hi eb  BeOS fs        
 e  W95 FAT16 (LBA) 53  OnTrack DM6 Aux a5  FreeBSD         ee  GPT            
 f  W95 Ext'd (LBA) 54  OnTrackDM6      a6  OpenBSD         ef  EFI (FAT-12/16/
10  OPUS            55  EZ-Drive        a7  NeXTSTEP        f0  Linux/PA-RISC  
11  隱藏 FAT12      56  Golden Bow      a8  Darwin UFS      f1  SpeedStor      
12  Compaq 診斷     5c  Priam Edisk     a9  NetBSD          f4  SpeedStor      
14  隱藏 FAT16 <32M 61  SpeedStor       ab  Darwin 開機     f2  DOS 次級       
16  隱藏 FAT16      63  GNU HURD 或 Sys af  HFS / HFS+      fb  VMware VMFS    
17  隱藏 HPFS/NTFS  64  Novell Netware  b7  BSDI fs         fc  VMware VMKCORE 
18  AST 智慧休眠    65  Novell Netware  b8  BSDI 交換區     fd  Linux raid 自動
1b  隱藏 W95 FAT32  70  DiskSecure 多種 bb  開機精靈隱藏    fe  LANstep        
1c  隱藏 W95 FAT32  75  PC/IX           be  Solaris 開機    ff  BBT            
1e  隱藏 W95 FAT16  80  舊版 Minix     
十六進位編碼 (輸入 L 以列出編碼)： c
分割區 1 的系統類型已變更為 c (W95 FAT32 (LBA))

命令 (m 以獲得說明)： p

磁碟 /dev/loop0: 5120 MB，5120000000 位元組
255 磁頭，63 磁區/磁軌，622 磁柱，總計 10000000 磁區
單位 = 磁區 之於 1 * 512 = 512 位元組
磁區大小 (邏輯/實體)：512 位元組 / 512 位元組
I/O 大小 (最小/最佳化)：512 位元組 / 512 位元組
磁碟識別碼：0x82a657c5

所用裝置 開機      開始         結束      區塊   識別號  系統
/dev/loop0p1            2048       30719       14336    c  W95 FAT32 (LBA)
/dev/loop0p2           30720     9999999     4984640   83  Linux

命令 (m 以獲得說明)： w
分割表已變更！

呼叫 ioctl() 以重新讀取分割表。

警告：重新讀取分割表失敗並產生錯誤 22: 不適用的引數。
內核仍然使用舊的表格。新的表格將於下一次
重新開機時使用，或是您執行 partprobe(8) 或 kpartx(8) 之後。

警告：如果您已建立或修改任何 DOS 6.x
分割區，請參看 fdisk 線上手冊以獲得額外
資訊。
同步磁碟。
root@anntony-Lenovo-B590:/tmp/WORK_DIR# fdisk /dev/loop0

命令 (m 以獲得說明)： p

磁碟 /dev/loop0: 5120 MB，5120000000 位元組
255 磁頭，63 磁區/磁軌，622 磁柱，總計 10000000 磁區
單位 = 磁區 之於 1 * 512 = 512 位元組
磁區大小 (邏輯/實體)：512 位元組 / 512 位元組
I/O 大小 (最小/最佳化)：512 位元組 / 512 位元組
磁碟識別碼：0x82a657c5

所用裝置 開機      開始         結束      區塊   識別號  系統
/dev/loop0p1            2048       30719       14336    c  W95 FAT32 (LBA)
/dev/loop0p2           30720     9999999     4984640   83  Linux

命令 (m 以獲得說明)： q

root@anntony-Lenovo-B590:/tmp/WORK_DIR# ls -al /dev |grep loop0
brw-rw----   1 root disk      7,   0  6月 15 03:07 loop0
root@anntony-Lenovo-B590:/tmp/WORK_DIR# losetoup /dev/loop0
無 'losetoup' 這個指令，是指這個嗎：
 'losetup' 指令來自於 'mount' 套件 (main)
losetoup：無此指令
root@anntony-Lenovo-B590:/tmp/WORK_DIR# losetup /dev/loop0
/dev/loop0: [0801]:18481531 (/tmp/WORK_DIR/disk.img)
root@anntony-Lenovo-B590:/tmp/WORK_DIR# dd if=/dev/zero of=/dev/loop0 bs=1k count=1024
輸入 1024+0 個紀錄
輸出 1024+0 個紀錄
複製了 1048576 個位元組 (1.0 MB), 0.0373023 s, 28.1 MB/s
root@anntony-Lenovo-B590:/tmp/WORK_DIR# echo $bootloader
/home/anntony/CubieTruck_Download/u-boot/u-boot-sunxi-with-spl-ct-20140107.bin
root@anntony-Lenovo-B590:/tmp/WORK_DIR# dd if=u-boot-sunxi-with-spl.bin of=/dev/loop0 bs=1024 seek=8
dd: 開啟 ‘u-boot-sunxi-with-spl.bin’ 失敗: 沒有此一檔案或目錄
root@anntony-Lenovo-B590:/tmp/WORK_DIR# dd if=/dev/zero of=/dev/loop0 bs=1k count=1024
輸入 1024+0 個紀錄
輸出 1024+0 個紀錄
複製了 1048576 個位元組 (1.0 MB), 0.013206 s, 79.4 MB/s
root@anntony-Lenovo-B590:/tmp/WORK_DIR# dd if=$bootloader of=/dev/loop0 bs=1024 seek=8
輸入 254+1 個紀錄
輸出 254+1 個紀錄
複製了 261100 個位元組 (261 kB), 0.0105949 s, 24.6 MB/s
root@anntony-Lenovo-B590:/tmp/WORK_DIR# fdisk /dev/loop0
裝置不含有效的 DOS 分割表，也不含 Sun、SGI 或 OSF 磁碟標籤
以磁碟識別碼 0x82a657c5 建立新的 DOS 磁碟標籤。
變更將僅存於記憶體之中，直到您決定寫入它們。
在此之後，前一個內容當然將無法回復。

警告：分割表 4 的無效旗標 0x0000 將由 w(rite) 所修正

命令 (m 以獲得說明)： p

磁碟 /dev/loop0: 5120 MB，5120000000 位元組
255 磁頭，63 磁區/磁軌，622 磁柱，總計 10000000 磁區
單位 = 磁區 之於 1 * 512 = 512 位元組
磁區大小 (邏輯/實體)：512 位元組 / 512 位元組
I/O 大小 (最小/最佳化)：512 位元組 / 512 位元組
磁碟識別碼：0x82a657c5

所用裝置 開機      開始         結束      區塊   識別號  系統

命令 (m 以獲得說明)： n
Partition type:
   p   primary (0 primary, 0 extended, 4 free)
   e   extended
Select (default p): 
Using default response p
分割區編號 (1-4, 預設 1)： 
使用預設值 1
起初 磁區 (2048-9999999, 預設 2048)： 
使用預設值 2048
最後 磁區, +磁區 或 +大小{K,M,G} (2048-9999999, 預設 9999999)： 30719

命令 (m 以獲得說明)： p

磁碟 /dev/loop0: 5120 MB，5120000000 位元組
255 磁頭，63 磁區/磁軌，622 磁柱，總計 10000000 磁區
單位 = 磁區 之於 1 * 512 = 512 位元組
磁區大小 (邏輯/實體)：512 位元組 / 512 位元組
I/O 大小 (最小/最佳化)：512 位元組 / 512 位元組
磁碟識別碼：0x82a657c5

所用裝置 開機      開始         結束      區塊   識別號  系統
/dev/loop0p1            2048       30719       14336   83  Linux

命令 (m 以獲得說明)： n
Partition type:
   p   primary (1 primary, 0 extended, 3 free)
   e   extended
Select (default p): 
Using default response p
分割區編號 (1-4, 預設 2)： 
使用預設值 2
起初 磁區 (30720-9999999, 預設 30720)： 
使用預設值 30720
最後 磁區, +磁區 或 +大小{K,M,G} (30720-9999999, 預設 9999999)： 
使用預設值 9999999

命令 (m 以獲得說明)： p

磁碟 /dev/loop0: 5120 MB，5120000000 位元組
255 磁頭，63 磁區/磁軌，622 磁柱，總計 10000000 磁區
單位 = 磁區 之於 1 * 512 = 512 位元組
磁區大小 (邏輯/實體)：512 位元組 / 512 位元組
I/O 大小 (最小/最佳化)：512 位元組 / 512 位元組
磁碟識別碼：0x82a657c5

所用裝置 開機      開始         結束      區塊   識別號  系統
/dev/loop0p1            2048       30719       14336   83  Linux
/dev/loop0p2           30720     9999999     4984640   83  Linux

命令 (m 以獲得說明)： m
命令動作
   a   切換可開機的旗標
   b   編輯 bsd 磁碟標籤
   c   切換 DOS 相容性旗標
   d   刪除分割區
   l   列出已知分割區類型
   m   印出這個選單
   n   加入新的分割區
   o   建立新的空白 DOS 分割表
   p   印出分割表
   q   離開而不需儲存變更
   s   建立新的空白 Sun 磁碟標籤
   t   變更分割區系統識別號
   u   變更顯示/輸入單位
   v   驗證分割表
   w   分割表寫入磁碟然後離開
   x   額外功能 (專家限用)

命令 (m 以獲得說明)： t
分割區編號 (1-4): 1
十六進位編碼 (輸入 L 以列出編碼)： L

 0  空              24  NEC DOS         81  Minix / 舊版 Li bf  Solaris        
 1  FAT12           27  Hidden NTFS Win 82  Linux 交換區/ S c1  DRDOS/sec (FAT-
 2  XENIX root      39  Plan 9          83  Linux           c4  DRDOS/sec (FAT-
 3  XENIX usr       3c  PartitionMagic  84  OS/2 隱藏 C: 磁 c6  DRDOS/sec (FAT-
 4  FAT16 <32M      40  Venix 80286     85  Linux 擴展      c7  Syrinx         
 5  延伸            41  PPC PReP 開機   86  NTFS 卷冊集     da  Non-FS 資料    
 6  FAT16           42  SFS             87  NTFS 卷冊集     db  CP/M / CTOS /… 
 7  HPFS/NTFS/exFAT 4d  QNX4.x          88  Linux 純文字    de  Dell 公用程式  
 8  AIX             4e  QNX4.x 第二部分 8e  Linux LVM       df  BootIt         
 9  AIX 可開機      4f  QNX4.x 第三部分 93  Amoeba          e1  DOS 存取       
 a  OS/2 開機管理員 50  OnTrack DM      94  Amoeba BBT      e3  DOS R/O        
 b  W95 FAT32       51  OnTrack DM6 Aux 9f  BSD/OS          e4  SpeedStor      
 c  W95 FAT32 (LBA) 52  CP/M            a0  IBM Thinkpad hi eb  BeOS fs        
 e  W95 FAT16 (LBA) 53  OnTrack DM6 Aux a5  FreeBSD         ee  GPT            
 f  W95 Ext'd (LBA) 54  OnTrackDM6      a6  OpenBSD         ef  EFI (FAT-12/16/
10  OPUS            55  EZ-Drive        a7  NeXTSTEP        f0  Linux/PA-RISC  
11  隱藏 FAT12      56  Golden Bow      a8  Darwin UFS      f1  SpeedStor      
12  Compaq 診斷     5c  Priam Edisk     a9  NetBSD          f4  SpeedStor      
14  隱藏 FAT16 <32M 61  SpeedStor       ab  Darwin 開機     f2  DOS 次級       
16  隱藏 FAT16      63  GNU HURD 或 Sys af  HFS / HFS+      fb  VMware VMFS    
17  隱藏 HPFS/NTFS  64  Novell Netware  b7  BSDI fs         fc  VMware VMKCORE 
18  AST 智慧休眠    65  Novell Netware  b8  BSDI 交換區     fd  Linux raid 自動
1b  隱藏 W95 FAT32  70  DiskSecure 多種 bb  開機精靈隱藏    fe  LANstep        
1c  隱藏 W95 FAT32  75  PC/IX           be  Solaris 開機    ff  BBT            
1e  隱藏 W95 FAT16  80  舊版 Minix     
十六進位編碼 (輸入 L 以列出編碼)： c
分割區 1 的系統類型已變更為 c (W95 FAT32 (LBA))

命令 (m 以獲得說明)： p

磁碟 /dev/loop0: 5120 MB，5120000000 位元組
255 磁頭，63 磁區/磁軌，622 磁柱，總計 10000000 磁區
單位 = 磁區 之於 1 * 512 = 512 位元組
磁區大小 (邏輯/實體)：512 位元組 / 512 位元組
I/O 大小 (最小/最佳化)：512 位元組 / 512 位元組
磁碟識別碼：0x82a657c5

所用裝置 開機      開始         結束      區塊   識別號  系統
/dev/loop0p1            2048       30719       14336    c  W95 FAT32 (LBA)
/dev/loop0p2           30720     9999999     4984640   83  Linux

命令 (m 以獲得說明)： w
分割表已變更！

呼叫 ioctl() 以重新讀取分割表。

警告：重新讀取分割表失敗並產生錯誤 22: 不適用的引數。
內核仍然使用舊的表格。新的表格將於下一次
重新開機時使用，或是您執行 partprobe(8) 或 kpartx(8) 之後。

警告：如果您已建立或修改任何 DOS 6.x
分割區，請參看 fdisk 線上手冊以獲得額外
資訊。
同步磁碟。
root@anntony-Lenovo-B590:/tmp/WORK_DIR# fdisk /dev/loop0

命令 (m 以獲得說明)： p

磁碟 /dev/loop0: 5120 MB，5120000000 位元組
255 磁頭，63 磁區/磁軌，622 磁柱，總計 10000000 磁區
單位 = 磁區 之於 1 * 512 = 512 位元組
磁區大小 (邏輯/實體)：512 位元組 / 512 位元組
I/O 大小 (最小/最佳化)：512 位元組 / 512 位元組
磁碟識別碼：0x82a657c5

所用裝置 開機      開始         結束      區塊   識別號  系統
/dev/loop0p1            2048       30719       14336    c  W95 FAT32 (LBA)
/dev/loop0p2           30720     9999999     4984640   83  Linux

命令 (m 以獲得說明)： q

root@anntony-Lenovo-B590:/tmp/WORK_DIR# ls -al /dev |grep loop0
brw-rw----   1 root disk      7,   0  6月 15 03:07 loop0
root@anntony-Lenovo-B590:/tmp/WORK_DIR# losetoup /dev/loop0
無 'losetoup' 這個指令，是指這個嗎：
 'losetup' 指令來自於 'mount' 套件 (main)
losetoup：無此指令
root@anntony-Lenovo-B590:/tmp/WORK_DIR# losetup /dev/loop0
/dev/loop0: [0801]:18481531 (/tmp/WORK_DIR/disk.img)
root@anntony-Lenovo-B590:/tmp/WORK_DIR# losetup -d /dev/loop0
root@anntony-Lenovo-B590:/tmp/WORK_DIR# losetup /dev/loop0
loop：無法取得裝置上的資訊 /dev/loop0: 沒有此一裝置或位址
root@anntony-Lenovo-B590:/tmp/WORK_DIR# losetup /dev/loop0 disk.img
root@anntony-Lenovo-B590:/tmp/WORK_DIR# losetup /dev/loop0
/dev/loop0: [0801]:18481531 (/tmp/WORK_DIR/disk.img)
root@anntony-Lenovo-B590:/tmp/WORK_DIR# losetup -o 1048576 /dev/loop1 /dev/loop0
root@anntony-Lenovo-B590:/tmp/WORK_DIR# losetup -o 15728640 /dev/loop2 /dev/loop0
root@anntony-Lenovo-B590:/tmp/WORK_DIR# losetup /dev/loop0
/dev/loop0: [0801]:18481531 (/tmp/WORK_DIR/disk.img)
root@anntony-Lenovo-B590:/tmp/WORK_DIR# losetup /dev/loop1
/dev/loop1: [0005]:1189 (/dev/loop0)，偏移值 1048576
root@anntony-Lenovo-B590:/tmp/WORK_DIR# losetup /dev/loop2
/dev/loop2: [0005]:1189 (/dev/loop0)，偏移值 15728640
root@anntony-Lenovo-B590:/tmp/WORK_DIR# mkfs.vfat /dev/loop1
mkfs.fat 3.0.26 (2014-03-07)
Loop device does not match a floppy size, using default hd params
root@anntony-Lenovo-B590:/tmp/WORK_DIR# mkfs.ext4 /dev/loop2
mke2fs 1.42.9 (4-Feb-2014)
Filesystem label=
OS type: Linux
Block size=4096 (log=2)
Fragment size=4096 (log=2)
Stride=0 blocks, Stripe width=0 blocks
312000 inodes, 1246160 blocks
62308 blocks (5.00%) reserved for the super user
First data block=0
Maximum filesystem blocks=1279262720
39 block groups
32768 blocks per group, 32768 fragments per group
8000 inodes per group
Superblock backups stored on blocks: 
	32768, 98304, 163840, 229376, 294912, 819200, 884736

Allocating group tables: done                            
Writing inode tables: done                            
Creating journal (32768 blocks): done
Writing superblocks and filesystem accounting information: done 

root@anntony-Lenovo-B590:/tmp/WORK_DIR# cd ..
root@anntony-Lenovo-B590:/tmp# ls
bootfs.tar.gz  fcitx-socket-:0  rootfs.tar.gz  sdb1  sdb2  sdd2  ssh-GzzrUvApnhi6  unity_support_test.0  WORK_DIR
root@anntony-Lenovo-B590:/tmp# mkdir loop1
root@anntony-Lenovo-B590:/tmp# mount /dev/loop1 /tmp/loop1
root@anntony-Lenovo-B590:/tmp# tar -zxvf bootfs.tar.gz -C /tmp/loop1
1.fex
CUBIUNTU 1.11
script-ct.bin
script-cubie-A20.bin
uEnv.cb2
uEnv.ct
uEnv.ct.default
uImage.3.4.79-sun7i+
root@anntony-Lenovo-B590:/tmp# mkdir loop2
root@anntony-Lenovo-B590:/tmp# sync
root@anntony-Lenovo-B590:/tmp# umount /tmp/loop2
umount：/tmp/loop2: 未掛載
root@anntony-Lenovo-B590:/tmp# umount /tmp/loop1
root@anntony-Lenovo-B590:/tmp# mount /dev/loop2 /tmp/loop2
mount：您必須指定檔案系統類型
root@anntony-Lenovo-B590:/tmp# mount -t ext4 /dev/loop2 /tmp/loop2
mount：錯誤檔案系統類型、不當的選項、不當的超區塊於 /dev/loop2,
      缺少編碼頁或輔助程式，或其他錯誤
       在某些狀況下，syslog 中可以找到有用的資訊 - 嘗試
      dmesg | tail 之類命令

root@anntony-Lenovo-B590:/tmp# losetup /dev/loop2
/dev/loop2: [0005]:1189 (/dev/loop0)，偏移值 15728640
root@anntony-Lenovo-B590:/tmp# mount /dev/loop2 /tmp/loop2
mount：您必須指定檔案系統類型
root@anntony-Lenovo-B590:/tmp# mount -t ext4 /dev/loop2 /tmp/loop2
mount：錯誤檔案系統類型、不當的選項、不當的超區塊於 /dev/loop2,
      缺少編碼頁或輔助程式，或其他錯誤
       在某些狀況下，syslog 中可以找到有用的資訊 - 嘗試
      dmesg | tail 之類命令

root@anntony-Lenovo-B590:/tmp# cd /var/log/
root@anntony-Lenovo-B590:/var/log# ls
alternatives.log       auth.log       dmesg.0          hp                     pm-suspend.log     udev
alternatives.log.1     auth.log.1     dmesg.1.gz       installer              pm-suspend.log.1   unattended-upgrades
alternatives.log.2.gz  auth.log.2.gz  dmesg.2.gz       kern.log               samba              upstart
apport.log             auth.log.3.gz  dmesg.3.gz       kern.log.1             speech-dispatcher  wtmp
apport.log.1           auth.log.4.gz  dmesg.4.gz       kern.log.2.gz          syslog             wtmp.1
apport.log.2.gz        boot.log       dpkg.log         kern.log.3.gz          syslog.1           Xorg.0.log
apport.log.3.gz        bootstrap.log  dpkg.log.1       kern.log.4.gz          syslog.2.gz        Xorg.0.log.old
apport.log.4.gz        btmp           dpkg.log.2.gz    lastlog                syslog.3.gz
apport.log.5.gz        btmp.1         faillog          lightdm                syslog.4.gz
apport.log.6.gz        cups           fontconfig.log   pm-powersave.log       syslog.5.gz
apport.log.7.gz        dist-upgrade   fsck             pm-powersave.log.1     syslog.6.gz
apt                    dmesg          gpu-manager.log  pm-powersave.log.2.gz  syslog.7.gz
root@anntony-Lenovo-B590:/var/log# vi ./syslog
root@anntony-Lenovo-B590:/var/log# mount /dev/loop2 /tmp/loop2
mount：您必須指定檔案系統類型
root@anntony-Lenovo-B590:/var/log# mount -t ext4 /dev/loop2 /tmp/loop2
mount：錯誤檔案系統類型、不當的選項、不當的超區塊於 /dev/loop2,
      缺少編碼頁或輔助程式，或其他錯誤
       在某些狀況下，syslog 中可以找到有用的資訊 - 嘗試
      dmesg | tail 之類命令

root@anntony-Lenovo-B590:/var/log# vi ./syslog
root@anntony-Lenovo-B590:/var/log# umount /media/*
umount：/media/anntony: 未掛載
root@anntony-Lenovo-B590:/var/log# cd /tmp
root@anntony-Lenovo-B590:/tmp# ls
bootfs.tar.gz    loop1  rootfs.tar.gz  sdb2  ssh-GzzrUvApnhi6      WORK_DIR
fcitx-socket-:0  loop2  sdb1           sdd2  unity_support_test.0
root@anntony-Lenovo-B590:/tmp# mount /dev/loop2 /tmp/loop2
mount：您必須指定檔案系統類型
root@anntony-Lenovo-B590:/tmp# mount -t ext4 /dev/loop2 /tmp/loop2
mount：錯誤檔案系統類型、不當的選項、不當的超區塊於 /dev/loop2,
      缺少編碼頁或輔助程式，或其他錯誤
       在某些狀況下，syslog 中可以找到有用的資訊 - 嘗試
      dmesg | tail 之類命令

root@anntony-Lenovo-B590:/tmp# vi /var/log/syslog
root@anntony-Lenovo-B590:/tmp# cd /mnt
root@anntony-Lenovo-B590:/mnt# ls
root@anntony-Lenovo-B590:/mnt# cd /tmp
root@anntony-Lenovo-B590:/tmp# losetup /dev/loop2
/dev/loop2: [0005]:1189 (/dev/loop0)，偏移值 15728640
root@anntony-Lenovo-B590:/tmp# mount /dev/loop2 /mnt
mount：您必須指定檔案系統類型
root@anntony-Lenovo-B590:/tmp# mount -t ext4 /dev/loop2 /mnt
mount：錯誤檔案系統類型、不當的選項、不當的超區塊於 /dev/loop2,
      缺少編碼頁或輔助程式，或其他錯誤
       在某些狀況下，syslog 中可以找到有用的資訊 - 嘗試
      dmesg | tail 之類命令

root@anntony-Lenovo-B590:/tmp# fsck.ext4 -v /dev/loop2
e2fsck 1.42.9 (4-Feb-2014)
ext2fs_open2: Bad magic number in super-block
fsck.ext4: Superblock invalid, trying backup blocks...
/dev/loop2 was not cleanly unmounted, check forced.
Resize inode not valid.  Recreate<y>? yes
Pass 1: Checking inodes, blocks, and sizes
Pass 2: Checking directory structure
Pass 3: Checking directory connectivity
Pass 4: Checking reference counts
Pass 5: Checking group summary information
Block bitmap differences:  +(32768--33073) +(98304--98609) +(163840--164145) +(229376--229681) +(294912--295217) +(819200--819505) +(884736--885041)
Fix<y>? yes
Free blocks count wrong for group #0 (24423, counted=24424).
Fix<y>? yes
Free blocks count wrong (1191359, counted=1191360).
Fix<y>? yes

/dev/loop2: ***** FILE SYSTEM WAS MODIFIED *****

          11 inodes used (0.00%, out of 312000)
           0 non-contiguous files (0.0%)
           0 non-contiguous directories (0.0%)
             # of inodes with ind/dind/tind blocks: 0/0/0
             Extent depth histogram: 3
       54800 blocks used (4.40%, out of 1246160)
           0 bad blocks
           0 large files

           0 regular files
           2 directories
           0 character device files
           0 block device files
           0 fifos
           0 links
           0 symbolic links (0 fast symbolic links)
           0 sockets
------------
           2 files
root@anntony-Lenovo-B590:/tmp# mkfs.ext4 /dev/loop2
mke2fs 1.42.9 (4-Feb-2014)
Filesystem label=
OS type: Linux
Block size=4096 (log=2)
Fragment size=4096 (log=2)
Stride=0 blocks, Stripe width=0 blocks
312000 inodes, 1246160 blocks
62308 blocks (5.00%) reserved for the super user
First data block=0
Maximum filesystem blocks=1279262720
39 block groups
32768 blocks per group, 32768 fragments per group
8000 inodes per group
Superblock backups stored on blocks: 
	32768, 98304, 163840, 229376, 294912, 819200, 884736

Allocating group tables: done                            
Writing inode tables: done                            
Creating journal (32768 blocks): done
Writing superblocks and filesystem accounting information: done 

root@anntony-Lenovo-B590:/tmp# mount /dev/loop2 /tmp/loop2
root@anntony-Lenovo-B590:/tmp# tar -zxvf rootfs.tar.gz -C /tmp/loop2

