objective 9 : 檔案分享：設定ftp server
參考這篇
http://www.wikihow.com/Set-up-an-FTP-Server-in-Ubuntu-Linux

大致流程是
安裝vsftpd套件，設定/etc/vsftpd.conf
然後重新啟動vsftpd服務

進入CubieTruck的終端機，如下操作
aruntu@cubie001:~$ sudo -i
root@cubie001:~# apt-get install vsftpd
正在讀取套件清單... 完成
正在重建相依關係          
正在讀取狀態資料... 完成
下列【新】套件將會被安裝：
  vsftpd
升級 0 個，新安裝 1 個，移除 0 個，有 27 個未被升級。
需要下載 100 kB 的套件檔。
此操作完成之後，會多佔用 302 kB 的磁碟空間。
下載:1 http://ports.ubuntu.com/ubuntu-ports/ saucy/main vsftpd armhf 3.0.2-1ubuntu2 [100 kB]
取得 100 kB 用了 2秒 (47.8 kB/s)                   
正在預先設定套件...
選取了原先未選的套件 vsftpd。
（讀取資料庫 ... 目前共安裝了 166107 個檔案和目錄。）
解開 vsftpd（從 .../vsftpd_3.0.2-1ubuntu2_armhf.deb）...
執行 man-db 的觸發程式 ...
設定 vsftpd (3.0.2-1ubuntu2) ...
vsftpd start/running, process 2373
root@cubie001:~# cat /etc/vsftpd.conf 
# Example config file /etc/vsftpd.conf
#
# The default compiled in settings are fairly paranoid. This sample file
# loosens things up a bit, to make the ftp daemon more usable.
# Please see vsftpd.conf.5 for all compiled in defaults.
#
# READ THIS: This example file is NOT an exhaustive list of vsftpd options.
# Please read the vsftpd.conf.5 manual page to get a full idea of vsftpd's
# capabilities.
#
#
# Run standalone?  vsftpd can run either from an inetd or as a standalone
# daemon started from an initscript.
listen=YES
#
# Run standalone with IPv6?
# Like the listen parameter, except vsftpd will listen on an IPv6 socket
# instead of an IPv4 one. This parameter and the listen parameter are mutually
# exclusive.
#listen_ipv6=YES
#
# Allow anonymous FTP? (Disabled by default)
anonymous_enable=NO
#
# Uncomment this to allow local users to log in.
local_enable=YES
#
# Uncomment this to enable any form of FTP write command.
#write_enable=YES
#
# Default umask for local users is 077. You may wish to change this to 022,
# if your users expect that (022 is used by most other ftpd's)
#local_umask=022
#
# Uncomment this to allow the anonymous FTP user to upload files. This only
# has an effect if the above global write enable is activated. Also, you will
# obviously need to create a directory writable by the FTP user.
#anon_upload_enable=YES
#
# Uncomment this if you want the anonymous FTP user to be able to create
# new directories.
#anon_mkdir_write_enable=YES
#
# Activate directory messages - messages given to remote users when they
# go into a certain directory.
dirmessage_enable=YES
#
# If enabled, vsftpd will display directory listings with the time
# in  your  local  time  zone.  The default is to display GMT. The
# times returned by the MDTM FTP command are also affected by this
# option.
use_localtime=YES
#
# Activate logging of uploads/downloads.
xferlog_enable=YES
#
# Make sure PORT transfer connections originate from port 20 (ftp-data).
connect_from_port_20=YES
#
# If you want, you can arrange for uploaded anonymous files to be owned by
# a different user. Note! Using "root" for uploaded files is not
# recommended!
#chown_uploads=YES
#chown_username=whoever
#
# You may override where the log file goes if you like. The default is shown
# below.
#xferlog_file=/var/log/vsftpd.log
#
# If you want, you can have your log file in standard ftpd xferlog format.
# Note that the default log file location is /var/log/xferlog in this case.
#xferlog_std_format=YES
#
# You may change the default value for timing out an idle session.
#idle_session_timeout=600
#
# You may change the default value for timing out a data connection.
#data_connection_timeout=120
#
# It is recommended that you define on your system a unique user which the
# ftp server can use as a totally isolated and unprivileged user.
#nopriv_user=ftpsecure
#
# Enable this and the server will recognise asynchronous ABOR requests. Not
# recommended for security (the code is non-trivial). Not enabling it,
# however, may confuse older FTP clients.
#async_abor_enable=YES
#
# By default the server will pretend to allow ASCII mode but in fact ignore
# the request. Turn on the below options to have the server actually do ASCII
# mangling on files when in ASCII mode.
# Beware that on some FTP servers, ASCII support allows a denial of service
# attack (DoS) via the command "SIZE /big/file" in ASCII mode. vsftpd
# predicted this attack and has always been safe, reporting the size of the
# raw file.
# ASCII mangling is a horrible feature of the protocol.
#ascii_upload_enable=YES
#ascii_download_enable=YES
#
# You may fully customise the login banner string:
#ftpd_banner=Welcome to blah FTP service.
#
# You may specify a file of disallowed anonymous e-mail addresses. Apparently
# useful for combatting certain DoS attacks.
#deny_email_enable=YES
# (default follows)
#banned_email_file=/etc/vsftpd.banned_emails
#
# You may restrict local users to their home directories.  See the FAQ for
# the possible risks in this before using chroot_local_user or
# chroot_list_enable below.
#chroot_local_user=YES
#
# You may specify an explicit list of local users to chroot() to their home
# directory. If chroot_local_user is YES, then this list becomes a list of
# users to NOT chroot().
# (Warning! chroot'ing can be very dangerous. If using chroot, make sure that
# the user does not have write access to the top level directory within the
# chroot)
#chroot_local_user=YES
#chroot_list_enable=YES
# (default follows)
#chroot_list_file=/etc/vsftpd.chroot_list
#
# You may activate the "-R" option to the builtin ls. This is disabled by
# default to avoid remote users being able to cause excessive I/O on large
# sites. However, some broken FTP clients such as "ncftp" and "mirror" assume
# the presence of the "-R" option, so there is a strong case for enabling it.
#ls_recurse_enable=YES
#
# Customization
#
# Some of vsftpd's settings don't fit the filesystem layout by
# default.
#
# This option should be the name of a directory which is empty.  Also, the
# directory should not be writable by the ftp user. This directory is used
# as a secure chroot() jail at times vsftpd does not require filesystem
# access.
secure_chroot_dir=/var/run/vsftpd/empty
#
# This string is the name of the PAM service vsftpd will use.
pam_service_name=vsftpd
#
# This option specifies the location of the RSA certificate to use for SSL
# encrypted connections.
rsa_cert_file=/etc/ssl/certs/ssl-cert-snakeoil.pem
# This option specifies the location of the RSA key to use for SSL
# encrypted connections.
rsa_private_key_file=/etc/ssl/private/ssl-cert-snakeoil.key
root@cubie001:~# cp /etc/vsftpd.conf /etc/vsftpd.conf.default
root@cubie001:~# vi /etc/vsftpd.conf
root@cubie001:~# cat /etc/vsftpd.conf |grep anonymous_enable
#anonymous_enable=NO
anonymous_enable=YES
root@cubie001:~# cat /etc/vsftpd.conf |grep write_enable
write_enable=YES
#anon_mkdir_write_enable=YES
root@cubie001:~# cat /etc/vsftpd.conf |grep banner
# You may fully customise the login banner string:
ftpd_banner=Welcome to CubieTruck FTP service.
root@cubie001:~# cat /etc/vsftpd.conf
# Example config file /etc/vsftpd.conf
#
# The default compiled in settings are fairly paranoid. This sample file
# loosens things up a bit, to make the ftp daemon more usable.
# Please see vsftpd.conf.5 for all compiled in defaults.
#
# READ THIS: This example file is NOT an exhaustive list of vsftpd options.
# Please read the vsftpd.conf.5 manual page to get a full idea of vsftpd's
# capabilities.
#
#
# Run standalone?  vsftpd can run either from an inetd or as a standalone
# daemon started from an initscript.
listen=YES
#
# Run standalone with IPv6?
# Like the listen parameter, except vsftpd will listen on an IPv6 socket
# instead of an IPv4 one. This parameter and the listen parameter are mutually
# exclusive.
#listen_ipv6=YES
#
# Allow anonymous FTP? (Disabled by default)
#anonymous_enable=NO
anonymous_enable=YES
#
# Uncomment this to allow local users to log in.
local_enable=YES
#
# Uncomment this to enable any form of FTP write command.
write_enable=YES
#
# Default umask for local users is 077. You may wish to change this to 022,
# if your users expect that (022 is used by most other ftpd's)
#local_umask=022
#
# Uncomment this to allow the anonymous FTP user to upload files. This only
# has an effect if the above global write enable is activated. Also, you will
# obviously need to create a directory writable by the FTP user.
#anon_upload_enable=YES
#
# Uncomment this if you want the anonymous FTP user to be able to create
# new directories.
#anon_mkdir_write_enable=YES
#
# Activate directory messages - messages given to remote users when they
# go into a certain directory.
dirmessage_enable=YES
#
# If enabled, vsftpd will display directory listings with the time
# in  your  local  time  zone.  The default is to display GMT. The
# times returned by the MDTM FTP command are also affected by this
# option.
use_localtime=YES
#
# Activate logging of uploads/downloads.
xferlog_enable=YES
#
# Make sure PORT transfer connections originate from port 20 (ftp-data).
connect_from_port_20=YES
#
# If you want, you can arrange for uploaded anonymous files to be owned by
# a different user. Note! Using "root" for uploaded files is not
# recommended!
#chown_uploads=YES
#chown_username=whoever
#
# You may override where the log file goes if you like. The default is shown
# below.
#xferlog_file=/var/log/vsftpd.log
#
# If you want, you can have your log file in standard ftpd xferlog format.
# Note that the default log file location is /var/log/xferlog in this case.
#xferlog_std_format=YES
#
# You may change the default value for timing out an idle session.
#idle_session_timeout=600
#
# You may change the default value for timing out a data connection.
#data_connection_timeout=120
#
# It is recommended that you define on your system a unique user which the
# ftp server can use as a totally isolated and unprivileged user.
#nopriv_user=ftpsecure
#
# Enable this and the server will recognise asynchronous ABOR requests. Not
# recommended for security (the code is non-trivial). Not enabling it,
# however, may confuse older FTP clients.
#async_abor_enable=YES
#
# By default the server will pretend to allow ASCII mode but in fact ignore
# the request. Turn on the below options to have the server actually do ASCII
# mangling on files when in ASCII mode.
# Beware that on some FTP servers, ASCII support allows a denial of service
# attack (DoS) via the command "SIZE /big/file" in ASCII mode. vsftpd
# predicted this attack and has always been safe, reporting the size of the
# raw file.
# ASCII mangling is a horrible feature of the protocol.
#ascii_upload_enable=YES
#ascii_download_enable=YES
#
# You may fully customise the login banner string:
ftpd_banner=Welcome to CubieTruck FTP service.
#
# You may specify a file of disallowed anonymous e-mail addresses. Apparently
# useful for combatting certain DoS attacks.
#deny_email_enable=YES
# (default follows)
#banned_email_file=/etc/vsftpd.banned_emails
#
# You may restrict local users to their home directories.  See the FAQ for
# the possible risks in this before using chroot_local_user or
# chroot_list_enable below.
#chroot_local_user=YES
#
# You may specify an explicit list of local users to chroot() to their home
# directory. If chroot_local_user is YES, then this list becomes a list of
# users to NOT chroot().
# (Warning! chroot'ing can be very dangerous. If using chroot, make sure that
# the user does not have write access to the top level directory within the
# chroot)
#chroot_local_user=YES
#chroot_list_enable=YES
# (default follows)
#chroot_list_file=/etc/vsftpd.chroot_list
#
# You may activate the "-R" option to the builtin ls. This is disabled by
# default to avoid remote users being able to cause excessive I/O on large
# sites. However, some broken FTP clients such as "ncftp" and "mirror" assume
# the presence of the "-R" option, so there is a strong case for enabling it.
#ls_recurse_enable=YES
#
# Customization
#
# Some of vsftpd's settings don't fit the filesystem layout by
# default.
#
# This option should be the name of a directory which is empty.  Also, the
# directory should not be writable by the ftp user. This directory is used
# as a secure chroot() jail at times vsftpd does not require filesystem
# access.
secure_chroot_dir=/var/run/vsftpd/empty
#
# This string is the name of the PAM service vsftpd will use.
pam_service_name=vsftpd
#
# This option specifies the location of the RSA certificate to use for SSL
# encrypted connections.
rsa_cert_file=/etc/ssl/certs/ssl-cert-snakeoil.pem
# This option specifies the location of the RSA key to use for SSL
# encrypted connections.
rsa_private_key_file=/etc/ssl/private/ssl-cert-snakeoil.key
root@cubie001:~# /etc/init.d/vsftpd restart
Rather than invoking init scripts through /etc/init.d, use the service(8)
utility, e.g. service vsftpd restart

Since the script you are attempting to invoke has been converted to an
Upstart job, you may also use the stop(8) and then start(8) utilities,
e.g. stop vsftpd ; start vsftpd. The restart(8) utility is also available.
vsftpd stop/waiting
vsftpd start/running, process 2426
root@cubie001:~# netstat -anp|grep ftp
tcp        0      0 0.0.0.0:21              0.0.0.0:*               LISTEN      2426/vsftpd     

這樣CubieTruck就安裝好並啟動vsftpd了，現在到筆記型電腦上連連看
在筆記型電腦打開chrome瀏覽器或是firefox瀏覽器或是檔案總管
然後在網址列輸入
ftp://aruntu:aruntu@192.168.0.161
就可以連到FTP服務器（CubieTruck）了

不過這樣有一個問題，因為我是使用aruntu用戶的身份登入FTP服務器的
所以在我輸入
ftp://aruntu:aruntu@192.168.0.161
之後，瀏覽器出現了aruntu用戶的家目錄
這是以「有身份」的用戶，像是aruntu登入FTP服務器的方式

如果以「沒身分」的用戶登入(anonymous)
就在瀏覽器或是檔案總管的網址列輸入
ftp://192.168.0.161
一直被踢出來
在終端機下直接用ftp指令去連FTP服務器
得到了結果
anntony@anntony-Lenovo-B590 ~ $ ftp 192.168.0.161
Connected to 192.168.0.161.
220 Welcome to CubieTruck FTP service.
Name (192.168.0.161:anntony): anonymous
331 Please specify the password.
Password:
500 OOPS: vsftpd: refusing to run with writable root inside chroot()
Login failed.
ftp> bye
421 Service not available, remote server has closed connection

我用
500 OOPS: vsftpd: refusing to run with writable root inside chroot()
這一行去Google搜尋
結果
好麻煩
我還是取消我的FTP匿名登入好了
有其他人要用我的FTP Server
我就另外給他再開一個帳號，會不會比較簡單？

原來/srv/ftp的owner是root，而group是ftp
不要亂改，不然無法在FTP client端以anonymous身分登入
root@cubie001:/# cat /etc/passwd|grep ftp
ftp:x:124:129:ftp daemon,,,:/srv/ftp:/bin/false
root@cubie001:/# cd /srv
root@cubie001:/srv# ls -al
總計 12
drwxr-xr-x  3 root root 4096  9月 13 14:31 .
drwxr-xr-x 22 root root 4096  9月 12 22:32 ..
drwxr-xr-x  2 root ftp  4096  9月 13 15:09 ftp
root@cubie001:/srv# chown -R ftp:ftp /srv/ftp
root@cubie001:/srv# ls -al
總計 12
drwxr-xr-x  3 root root 4096  9月 13 14:31 .
drwxr-xr-x 22 root root 4096  9月 12 22:32 ..
drwxr-xr-x  2 ftp  ftp  4096  9月 13 15:09 ftp
root@cubie001:/srv# 

懶得去研究為什麼anonymous用戶不可以登入也不可以上傳資料的我
於是
root@cubie001:~# adduser ftpuser
正在新增使用者 `ftpuser' ...
增加新群組 `ftpuser' (1001) ...
正在新增新使用者 `ftpuser' (UID 1001) 到群組 `ftpuser' ...
正在新增家目錄 `/home/ftpuser' ...
正在從 `/etc/skel'複製檔案 ...
新 密碼： 
不良的密碼： 根據辭典單字
再次輸入新的 密碼： 
passwd：密碼已成功地變更
正在改變 ftpuser 的使用者訊息
請輸入新值，或直接按 ENTER 鍵以使用預設值
	全名 []: 
	房間號碼 []: 
	工作電話 []: 
	住家電話 []: 
	其它 []: 
以上輸入的資料正確嗎？[Y/n] y
root@cubie001:~# cd /home
root@cubie001:/home# ls
aruntu  ftpuser  guest
root@cubie001:/home# ls -al|grep ftpuser
drwxr-xr-x  2 ftpuser ftpuser 4096  9月 13 16:34 ftpuser
drwxr-xr-x  2 ftpuser ftpuser 4096  7月  1 03:30 guest


我在筆記型電腦上裝了bareFTP客戶端
不過常常當掉


